CConst; 3.000000 s.b. 3.0 , 4.000000 s.b. 4.0
CConst; 3.000000 s.b. 3.0 , 4.000000 s.b. 4.0
CCopy; 3.000000 s.b. 3.0 , 4.000000 s.b. 4.0
CCopy; 3.000000 s.b. 3.0 , 4.000000 s.b. 4.0
Modulus; 5.000000 s.b. 5.0
Phase; 60.000000 s.b. 60.0
Modulus; 2.000000 s.b. 2.0
Phase; 120.000000 s.b. 120.0
Modulus; 2.000000 s.b. 2.0
Phase; -120.000000 s.b. -120.0
Modulus; 2.000000 s.b. 2.0
Phase; -60.000000 s.b. -60.0
CPhasor; 100.000000 s.b. 100.0 , -20.000000 s.b. -20.0
CPhasor; 100.000000 s.b. 100.0 , -20.000000 s.b. -20.0
CConjug; 3.000000 s.b. 3.0 , -4.000000 s.b. -4.0
CConjug; 3.000000 s.b. 3.0 , -4.000000 s.b. -4.0
CScale; 6.000000 s.b. 6.0 , -8.000000 s.b. -8.0
CScale; 6.000000 s.b. 6.0 , -8.000000 s.b. -8.0
CAdd; 2.000000 s.b. 2.0 , 3.000000 s.b. 3.0 
CAdd; 2.000000 s.b. 2.0 , 3.000000 s.b. 3.0 
CSub; -2.000000 s.b. -2.0 , 15.000000 s.b. 15.0 
CSub; -2.000000 s.b. -2.0 , 15.000000 s.b. 15.0 
CMul; -7.000000 s.b. -7.0 , 1.000000 s.b. 1.0
CMul; -7.000000 s.b. -7.0 , 1.000000 s.b. 1.0
CDiv; -1.000000 s.b. -1.0 , 3.000000 s.b. 3.0
CDiv; -1.000000 s.b. -1.0 , 3.000000 s.b. 3.0
