MèèDMÜèMÜÜMèÜMèèUMèÐUM¶…M¶–DMùØUM¶ØDMù–UMèÐDMÜ4DMÐ˜UMžMMž^DMá UMž DMá^UMÐ˜DMÄ	üDM¸`	UM†	M†&	DMÉh	UM†h	DMÉ&	UM¸`	DUUMè¸DMÜDMÐ€DMÄ	äDM¸HDUUMè UM¶UM¶fDMù¨UM¶¨DMùfUMè MÜMÐhUMžMž.DMápUMžpDMá.UMÐhMÄ	ÌM¸0UM†åM†öDMÉ8UM†8DMÉöUM¸0U